// Jest Snapshot v1, https://goo.gl/fbAQLP

exports[`Comment renders 1`] = `
<div
  className="comment"
>
  <Image
    as="img"
    circular={true}
    className="user-image"
    src="http://via.placeholder.com/48x48"
    ui={true}
  />
  <div>
    <div
      className="user-name"
    >
      User name
    </div>
    <span>
      Comment test
    </span>
    <div
      class="comment-actions"
    >
      <Rating
        likeCount={1}
      />
      <Button
        as="button"
        compact={true}
        size="mini"
      >
        Reply
      </Button>
    </div>
  </div>
</div>
`;
